// Jest Snapshot v1, https://goo.gl/fbAQLP

exports[`Hacker page comment list matches the snapshot  1`] = `
Object {
  "asFragment": [Function],
  "baseElement": <body>
    <div>
      <div
        class="sc-htoDjs gVJxJd"
      >
        <div
          class="sc-ifAKCX bwclxk"
        >
          <div
            class="sc-EHOje fwrCJI"
          >
            Comments
          </div>
          <div
            class="sc-bZQynM lpbUAK"
          >
            Score
          </div>
          <div
            class="sc-gzVnrw imBKBt"
          >
            See on HN
          </div>
        </div>
        <div>
          <div
            class="sc-bdVaJa bjICBm"
          >
            <div
              class="sc-bxivhb iDYKjJ"
            >
              <a
                href="https://news.ycombinator.com/item?id=undefined"
                rel="noopener noreferrer"
                target="_blank"
              >
                <div>
                  <span
                    aria-label="eyes"
                    role="img"
                  >
                    ðŸ‘€
                  </span>
                </div>
              </a>
            </div>
          </div>
        </div>
        <div>
          <div
            class="sc-bdVaJa bjICBm"
          >
            <div
              class="sc-bxivhb iDYKjJ"
            >
              <a
                href="https://news.ycombinator.com/item?id=undefined"
                rel="noopener noreferrer"
                target="_blank"
              >
                <div>
                  <span
                    aria-label="eyes"
                    role="img"
                  >
                    ðŸ‘€
                  </span>
                </div>
              </a>
            </div>
          </div>
        </div>
      </div>
    </div>
  </body>,
  "container": <div>
    <div
      class="sc-htoDjs gVJxJd"
    >
      <div
        class="sc-ifAKCX bwclxk"
      >
        <div
          class="sc-EHOje fwrCJI"
        >
          Comments
        </div>
        <div
          class="sc-bZQynM lpbUAK"
        >
          Score
        </div>
        <div
          class="sc-gzVnrw imBKBt"
        >
          See on HN
        </div>
      </div>
      <div>
        <div
          class="sc-bdVaJa bjICBm"
        >
          <div
            class="sc-bxivhb iDYKjJ"
          >
            <a
              href="https://news.ycombinator.com/item?id=undefined"
              rel="noopener noreferrer"
              target="_blank"
            >
              <div>
                <span
                  aria-label="eyes"
                  role="img"
                >
                  ðŸ‘€
                </span>
              </div>
            </a>
          </div>
        </div>
      </div>
      <div>
        <div
          class="sc-bdVaJa bjICBm"
        >
          <div
            class="sc-bxivhb iDYKjJ"
          >
            <a
              href="https://news.ycombinator.com/item?id=undefined"
              rel="noopener noreferrer"
              target="_blank"
            >
              <div>
                <span
                  aria-label="eyes"
                  role="img"
                >
                  ðŸ‘€
                </span>
              </div>
            </a>
          </div>
        </div>
      </div>
    </div>
  </div>,
  "debug": [Function],
  "findAllByAltText": [Function],
  "findAllByDisplayValue": [Function],
  "findAllByLabelText": [Function],
  "findAllByPlaceholderText": [Function],
  "findAllByRole": [Function],
  "findAllByTestId": [Function],
  "findAllByText": [Function],
  "findAllByTitle": [Function],
  "findByAltText": [Function],
  "findByDisplayValue": [Function],
  "findByLabelText": [Function],
  "findByPlaceholderText": [Function],
  "findByRole": [Function],
  "findByTestId": [Function],
  "findByText": [Function],
  "findByTitle": [Function],
  "getAllByAltText": [Function],
  "getAllByDisplayValue": [Function],
  "getAllByLabelText": [Function],
  "getAllByPlaceholderText": [Function],
  "getAllByRole": [Function],
  "getAllByTestId": [Function],
  "getAllByText": [Function],
  "getAllByTitle": [Function],
  "getByAltText": [Function],
  "getByDisplayValue": [Function],
  "getByLabelText": [Function],
  "getByPlaceholderText": [Function],
  "getByRole": [Function],
  "getByTestId": [Function],
  "getByText": [Function],
  "getByTitle": [Function],
  "queryAllByAltText": [Function],
  "queryAllByDisplayValue": [Function],
  "queryAllByLabelText": [Function],
  "queryAllByPlaceholderText": [Function],
  "queryAllByRole": [Function],
  "queryAllByTestId": [Function],
  "queryAllByText": [Function],
  "queryAllByTitle": [Function],
  "queryByAltText": [Function],
  "queryByDisplayValue": [Function],
  "queryByLabelText": [Function],
  "queryByPlaceholderText": [Function],
  "queryByRole": [Function],
  "queryByTestId": [Function],
  "queryByText": [Function],
  "queryByTitle": [Function],
  "rerender": [Function],
  "unmount": [Function],
}
`;
